Archive member included to satisfy reference by file (symbol)

c:/program files (x86)/atmel/studio/7.0/toolchain/avr8/avr8-gnu-toolchain/bin/../lib/gcc/avr/5.4.0/avrxmega4\libgcc.a(_udivmodqi4.o)
                              timers.o (__udivmodqi4)
c:/program files (x86)/atmel/studio/7.0/toolchain/avr8/avr8-gnu-toolchain/bin/../lib/gcc/avr/5.4.0/avrxmega4\libgcc.a(_udivmodhi4.o)
                              freq_cntr.o (__udivmodhi4)
c:/program files (x86)/atmel/studio/7.0/toolchain/avr8/avr8-gnu-toolchain/bin/../lib/gcc/avr/5.4.0/avrxmega4\libgcc.a(_divmodhi4.o)
                              interface.o (__divmodhi4)
c:/program files (x86)/atmel/studio/7.0/toolchain/avr8/avr8-gnu-toolchain/bin/../lib/gcc/avr/5.4.0/avrxmega4\libgcc.a(_udivmodsi4.o)
                              autotune.o (__udivmodsi4)
c:/program files (x86)/atmel/studio/7.0/toolchain/avr8/avr8-gnu-toolchain/bin/../lib/gcc/avr/5.4.0/avrxmega4\libgcc.a(_exit.o)
                              C:/Program Files (x86)/Atmel/Studio/7.0/Packs/atmel/XMEGAA_DFP/1.1.68/gcc/dev/atxmega64a3u/avrxmega4/crtatxmega64a3u.o (exit)
c:/program files (x86)/atmel/studio/7.0/toolchain/avr8/avr8-gnu-toolchain/bin/../lib/gcc/avr/5.4.0/avrxmega4\libgcc.a(_tablejump2.o)
                              dms_interface.o (__tablejump2__)
c:/program files (x86)/atmel/studio/7.0/toolchain/avr8/avr8-gnu-toolchain/bin/../lib/gcc/avr/5.4.0/avrxmega4\libgcc.a(_copy_data.o)
                              alarm.o (__do_copy_data)
c:/program files (x86)/atmel/studio/7.0/toolchain/avr8/avr8-gnu-toolchain/bin/../lib/gcc/avr/5.4.0/avrxmega4\libgcc.a(_clear_bss.o)
                              alarm.o (__do_clear_bss)
c:/program files (x86)/atmel/studio/7.0/toolchain/avr8/avr8-gnu-toolchain/bin/../lib/gcc/avr/5.4.0/avrxmega4\libgcc.a(_bswapsi2.o)
                              dms_interface.o (__bswapsi2)
c:/program files (x86)/atmel/studio/7.0/toolchain/avr8/avr8-gnu-toolchain/bin/../lib/gcc/avr/5.4.0/../../../../avr/lib/avrxmega4\libc.a(rand.o)
                              interface.o (rand)
c:/program files (x86)/atmel/studio/7.0/toolchain/avr8/avr8-gnu-toolchain/bin/../lib/gcc/avr/5.4.0/../../../../avr/lib/avrxmega4\libc.a(memcmp.o)
                              Hafnon.o (memcmp)
c:/program files (x86)/atmel/studio/7.0/toolchain/avr8/avr8-gnu-toolchain/bin/../lib/gcc/avr/5.4.0/../../../../avr/lib/avrxmega4\libc.a(memcpy.o)
                              nvm_eeprom.o (memcpy)
c:/program files (x86)/atmel/studio/7.0/toolchain/avr8/avr8-gnu-toolchain/bin/../lib/gcc/avr/5.4.0/avrxmega4\libgcc.a(_divmodsi4.o)
                              c:/program files (x86)/atmel/studio/7.0/toolchain/avr8/avr8-gnu-toolchain/bin/../lib/gcc/avr/5.4.0/../../../../avr/lib/avrxmega4\libc.a(rand.o) (__divmodsi4)
c:/program files (x86)/atmel/studio/7.0/toolchain/avr8/avr8-gnu-toolchain/bin/../lib/gcc/avr/5.4.0/avrxmega4\libgcc.a(_negsi2.o)
                              c:/program files (x86)/atmel/studio/7.0/toolchain/avr8/avr8-gnu-toolchain/bin/../lib/gcc/avr/5.4.0/avrxmega4\libgcc.a(_divmodsi4.o) (__negsi2)
c:/program files (x86)/atmel/studio/7.0/toolchain/avr8/avr8-gnu-toolchain/bin/../lib/gcc/avr/5.4.0/avrxmega4\libgcc.a(_muluhisi3.o)
                              c:/program files (x86)/atmel/studio/7.0/toolchain/avr8/avr8-gnu-toolchain/bin/../lib/gcc/avr/5.4.0/../../../../avr/lib/avrxmega4\libc.a(rand.o) (__muluhisi3)
c:/program files (x86)/atmel/studio/7.0/toolchain/avr8/avr8-gnu-toolchain/bin/../lib/gcc/avr/5.4.0/avrxmega4\libgcc.a(_mulshisi3.o)
                              c:/program files (x86)/atmel/studio/7.0/toolchain/avr8/avr8-gnu-toolchain/bin/../lib/gcc/avr/5.4.0/../../../../avr/lib/avrxmega4\libc.a(rand.o) (__mulohisi3)
c:/program files (x86)/atmel/studio/7.0/toolchain/avr8/avr8-gnu-toolchain/bin/../lib/gcc/avr/5.4.0/avrxmega4\libgcc.a(_umulhisi3.o)
                              c:/program files (x86)/atmel/studio/7.0/toolchain/avr8/avr8-gnu-toolchain/bin/../lib/gcc/avr/5.4.0/avrxmega4\libgcc.a(_muluhisi3.o) (__umulhisi3)

Allocating common symbols
Common symbol       size              file

frameRateChanged    0x1               alarm.o
dds_ptr             0x2               spi.o
gFrequencyCount     0x2               analog.o
iLen                0x2               dms_interface.o
gAppState           0x1               interface.o
messageBufferIn     0x34              alarm.o
gState              0x1               Hafnon.o
gDACIndexLoaded     0x1               alarm.o
gAutoState          0x1               autotune.o
host_ptr            0x2               spi.o
gFrequencyTable     0x2               alarm.o
result              0x2               analog.o
pulseNumber         0x1               alarm.o
messageBufferOut    0x34              alarm.o
dds_buffer          0x20              spi.o
host_buffer         0x80              spi.o

Discarded input sections

 .data          0x00000000        0x0 C:/Program Files (x86)/Atmel/Studio/7.0/Packs/atmel/XMEGAA_DFP/1.1.68/gcc/dev/atxmega64a3u/avrxmega4/crtatxmega64a3u.o
 .bss           0x00000000        0x0 C:/Program Files (x86)/Atmel/Studio/7.0/Packs/atmel/XMEGAA_DFP/1.1.68/gcc/dev/atxmega64a3u/avrxmega4/crtatxmega64a3u.o
 .text          0x00000000        0x0 alarm.o
 .data          0x00000000        0x0 alarm.o
 .bss           0x00000000        0x0 alarm.o
 .text.sounderOn
                0x00000000        0x8 alarm.o
 .text          0x00000000        0x0 analog.o
 .data          0x00000000        0x0 analog.o
 .bss           0x00000000        0x0 analog.o
 .text.dac_enable
                0x00000000        0xc analog.o
 .text.dac_disable
                0x00000000        0xc analog.o
 .text          0x00000000        0x0 autotune.o
 .data          0x00000000        0x0 autotune.o
 .bss           0x00000000        0x0 autotune.o
 .text          0x00000000        0x0 crc.o
 .data          0x00000000        0x0 crc.o
 .bss           0x00000000        0x0 crc.o
 .text          0x00000000        0x0 dms_interface.o
 .data          0x00000000        0x0 dms_interface.o
 .bss           0x00000000        0x0 dms_interface.o
 .text          0x00000000        0x0 freq_cntr.o
 .data          0x00000000        0x0 freq_cntr.o
 .bss           0x00000000        0x0 freq_cntr.o
 .text.xmega_get_result
                0x00000000        0xa freq_cntr.o
 .text.xmega_freq_cntr_clr_result
                0x00000000        0xa freq_cntr.o
 .text.calculate_min_voltage_change
                0x00000000       0x30 freq_cntr.o
 .text.measure_and_correct_single_frequency
                0x00000000       0x62 freq_cntr.o
 .bss.clk_sel   0x00000000        0x1 freq_cntr.o
 .text          0x00000000        0x0 GTimer.o
 .data          0x00000000        0x0 GTimer.o
 .bss           0x00000000        0x0 GTimer.o
 .text.GTimerStopCounter
                0x00000000        0x6 GTimer.o
 .text.GTimerStartCounter
                0x00000000        0x8 GTimer.o
 .text          0x00000000        0x0 interface.o
 .data          0x00000000        0x0 interface.o
 .bss           0x00000000        0x0 interface.o
 .text.setTXGate
                0x00000000        0x2 interface.o
 .text.setHoldOff
                0x00000000        0x2 interface.o
 .text.setRXGate
                0x00000000        0x2 interface.o
 .text.setRX_ISR
                0x00000000        0x2 interface.o
 COMMON         0x00000000        0x1 interface.o
 .text          0x00000000        0x0 dds.o
 .data          0x00000000        0x0 dds.o
 .bss           0x00000000        0x0 dds.o
 .comment       0x00000000       0x31 dds.o
 .text          0x00000000        0x0 Hafnon.o
 .data          0x00000000        0x0 Hafnon.o
 .bss           0x00000000        0x0 Hafnon.o
 .text          0x00000000        0x0 lowlevel.o
 .data          0x00000000        0x0 lowlevel.o
 .bss           0x00000000        0x0 lowlevel.o
 .text.clk_24MHZ_using_2MHZ_internal
                0x00000000       0x32 lowlevel.o
 .text          0x00000000        0x0 nvm_eeprom.o
 .data          0x00000000        0x0 nvm_eeprom.o
 .bss           0x00000000        0x0 nvm_eeprom.o
 .text.nvm_eeprom_split_write_page
                0x00000000       0x22 nvm_eeprom.o
 .text.nvm_eeprom_fill_buffer_with_value
                0x00000000       0x24 nvm_eeprom.o
 .text.nvm_eeprom_erase_bytes_in_page
                0x00000000       0x22 nvm_eeprom.o
 .text.nvm_eeprom_erase_page
                0x00000000       0x12 nvm_eeprom.o
 .text.nvm_eeprom_erase_bytes_in_all_pages
                0x00000000        0xa nvm_eeprom.o
 .text.nvm_eeprom_erase_all
                0x00000000        0xa nvm_eeprom.o
 .text          0x00000000        0x0 rs232.o
 .data          0x00000000        0x0 rs232.o
 .bss           0x00000000        0x0 rs232.o
 .text.dms_rs232_enable
                0x00000000       0x12 rs232.o
 .text          0x00000000        0x0 spi.o
 .data          0x00000000        0x0 spi.o
 .bss           0x00000000        0x0 spi.o
 .comment       0x00000000       0x31 spi.o
 COMMON         0x00000000       0xa4 spi.o
 .text          0x00000000        0x0 timers.o
 .data          0x00000000        0x0 timers.o
 .bss           0x00000000        0x0 timers.o
 .text          0x00000000        0x0 utility/util.o
 .data          0x00000000        0x0 utility/util.o
 .bss           0x00000000        0x0 utility/util.o
 .text          0x00000000        0x0 utility/util_asm.o
 .data          0x00000000        0x0 utility/util_asm.o
 .bss           0x00000000        0x0 utility/util_asm.o
 .text          0x00000000        0x0 watchdog.o
 .data          0x00000000        0x0 watchdog.o
 .bss           0x00000000        0x0 watchdog.o
 .text.WDT_EnableAndSetTimeout
                0x00000000       0x14 watchdog.o
 .text.WDT_Disable
                0x00000000       0x12 watchdog.o
 .comment       0x00000000       0x31 watchdog.o
 .text          0x00000000        0x0 zircon_config.o
 .data          0x00000000        0x0 zircon_config.o
 .bss           0x00000000        0x0 zircon_config.o
 .text          0x00000000        0x0 zircon_sleep.o
 .data          0x00000000        0x0 zircon_sleep.o
 .bss           0x00000000        0x0 zircon_sleep.o
 .comment       0x00000000       0x31 zircon_sleep.o
 .text          0x00000000        0x0 c:/program files (x86)/atmel/studio/7.0/toolchain/avr8/avr8-gnu-toolchain/bin/../lib/gcc/avr/5.4.0/avrxmega4\libgcc.a(_udivmodqi4.o)
 .data          0x00000000        0x0 c:/program files (x86)/atmel/studio/7.0/toolchain/avr8/avr8-gnu-toolchain/bin/../lib/gcc/avr/5.4.0/avrxmega4\libgcc.a(_udivmodqi4.o)
 .bss           0x00000000        0x0 c:/program files (x86)/atmel/studio/7.0/toolchain/avr8/avr8-gnu-toolchain/bin/../lib/gcc/avr/5.4.0/avrxmega4\libgcc.a(_udivmodqi4.o)
 .text.libgcc.mul
                0x00000000        0x0 c:/program files (x86)/atmel/studio/7.0/toolchain/avr8/avr8-gnu-toolchain/bin/../lib/gcc/avr/5.4.0/avrxmega4\libgcc.a(_udivmodqi4.o)
 .text.libgcc   0x00000000        0x0 c:/program files (x86)/atmel/studio/7.0/toolchain/avr8/avr8-gnu-toolchain/bin/../lib/gcc/avr/5.4.0/avrxmega4\libgcc.a(_udivmodqi4.o)
 .text.libgcc.prologue
                0x00000000        0x0 c:/program files (x86)/atmel/studio/7.0/toolchain/avr8/avr8-gnu-toolchain/bin/../lib/gcc/avr/5.4.0/avrxmega4\libgcc.a(_udivmodqi4.o)
 .text.libgcc.builtins
                0x00000000        0x0 c:/program files (x86)/atmel/studio/7.0/toolchain/avr8/avr8-gnu-toolchain/bin/../lib/gcc/avr/5.4.0/avrxmega4\libgcc.a(_udivmodqi4.o)
 .text.libgcc.fmul
                0x00000000        0x0 c:/program files (x86)/atmel/studio/7.0/toolchain/avr8/avr8-gnu-toolchain/bin/../lib/gcc/avr/5.4.0/avrxmega4\libgcc.a(_udivmodqi4.o)
 .text.libgcc.fixed
                0x00000000        0x0 c:/program files (x86)/atmel/studio/7.0/toolchain/avr8/avr8-gnu-toolchain/bin/../lib/gcc/avr/5.4.0/avrxmega4\libgcc.a(_udivmodqi4.o)
 .text          0x00000000        0x0 c:/program files (x86)/atmel/studio/7.0/toolchain/avr8/avr8-gnu-toolchain/bin/../lib/gcc/avr/5.4.0/avrxmega4\libgcc.a(_udivmodhi4.o)
 .data          0x00000000        0x0 c:/program files (x86)/atmel/studio/7.0/toolchain/avr8/avr8-gnu-toolchain/bin/../lib/gcc/avr/5.4.0/avrxmega4\libgcc.a(_udivmodhi4.o)
 .bss           0x00000000        0x0 c:/program files (x86)/atmel/studio/7.0/toolchain/avr8/avr8-gnu-toolchain/bin/../lib/gcc/avr/5.4.0/avrxmega4\libgcc.a(_udivmodhi4.o)
 .text.libgcc.mul
                0x00000000        0x0 c:/program files (x86)/atmel/studio/7.0/toolchain/avr8/avr8-gnu-toolchain/bin/../lib/gcc/avr/5.4.0/avrxmega4\libgcc.a(_udivmodhi4.o)
 .text.libgcc   0x00000000        0x0 c:/program files (x86)/atmel/studio/7.0/toolchain/avr8/avr8-gnu-toolchain/bin/../lib/gcc/avr/5.4.0/avrxmega4\libgcc.a(_udivmodhi4.o)
 .text.libgcc.prologue
                0x00000000        0x0 c:/program files (x86)/atmel/studio/7.0/toolchain/avr8/avr8-gnu-toolchain/bin/../lib/gcc/avr/5.4.0/avrxmega4\libgcc.a(_udivmodhi4.o)
 .text.libgcc.builtins
                0x00000000        0x0 c:/program files (x86)/atmel/studio/7.0/toolchain/avr8/avr8-gnu-toolchain/bin/../lib/gcc/avr/5.4.0/avrxmega4\libgcc.a(_udivmodhi4.o)
 .text.libgcc.fmul
                0x00000000        0x0 c:/program files (x86)/atmel/studio/7.0/toolchain/avr8/avr8-gnu-toolchain/bin/../lib/gcc/avr/5.4.0/avrxmega4\libgcc.a(_udivmodhi4.o)
 .text.libgcc.fixed
                0x00000000        0x0 c:/program files (x86)/atmel/studio/7.0/toolchain/avr8/avr8-gnu-toolchain/bin/../lib/gcc/avr/5.4.0/avrxmega4\libgcc.a(_udivmodhi4.o)
 .text          0x00000000        0x0 c:/program files (x86)/atmel/studio/7.0/toolchain/avr8/avr8-gnu-toolchain/bin/../lib/gcc/avr/5.4.0/avrxmega4\libgcc.a(_divmodhi4.o)
 .data          0x00000000        0x0 c:/program files (x86)/atmel/studio/7.0/toolchain/avr8/avr8-gnu-toolchain/bin/../lib/gcc/avr/5.4.0/avrxmega4\libgcc.a(_divmodhi4.o)
 .bss           0x00000000        0x0 c:/program files (x86)/atmel/studio/7.0/toolchain/avr8/avr8-gnu-toolchain/bin/../lib/gcc/avr/5.4.0/avrxmega4\libgcc.a(_divmodhi4.o)
 .text.libgcc.mul
                0x00000000        0x0 c:/program files (x86)/atmel/studio/7.0/toolchain/avr8/avr8-gnu-toolchain/bin/../lib/gcc/avr/5.4.0/avrxmega4\libgcc.a(_divmodhi4.o)
 .text.libgcc   0x00000000        0x0 c:/program files (x86)/atmel/studio/7.0/toolchain/avr8/avr8-gnu-toolchain/bin/../lib/gcc/avr/5.4.0/avrxmega4\libgcc.a(_divmodhi4.o)
 .text.libgcc.prologue
                0x00000000        0x0 c:/program files (x86)/atmel/studio/7.0/toolchain/avr8/avr8-gnu-toolchain/bin/../lib/gcc/avr/5.4.0/avrxmega4\libgcc.a(_divmodhi4.o)
 .text.libgcc.builtins
                0x00000000        0x0 c:/program files (x86)/atmel/studio/7.0/toolchain/avr8/avr8-gnu-toolchain/bin/../lib/gcc/avr/5.4.0/avrxmega4\libgcc.a(_divmodhi4.o)
 .text.libgcc.fmul
                0x00000000        0x0 c:/program files (x86)/atmel/studio/7.0/toolchain/avr8/avr8-gnu-toolchain/bin/../lib/gcc/avr/5.4.0/avrxmega4\libgcc.a(_divmodhi4.o)
 .text.libgcc.fixed
                0x00000000        0x0 c:/program files (x86)/atmel/studio/7.0/toolchain/avr8/avr8-gnu-toolchain/bin/../lib/gcc/avr/5.4.0/avrxmega4\libgcc.a(_divmodhi4.o)
 .text          0x00000000        0x0 c:/program files (x86)/atmel/studio/7.0/toolchain/avr8/avr8-gnu-toolchain/bin/../lib/gcc/avr/5.4.0/avrxmega4\libgcc.a(_udivmodsi4.o)
 .data          0x00000000        0x0 c:/program files (x86)/atmel/studio/7.0/toolchain/avr8/avr8-gnu-toolchain/bin/../lib/gcc/avr/5.4.0/avrxmega4\libgcc.a(_udivmodsi4.o)
 .bss           0x00000000        0x0 c:/program files (x86)/atmel/studio/7.0/toolchain/avr8/avr8-gnu-toolchain/bin/../lib/gcc/avr/5.4.0/avrxmega4\libgcc.a(_udivmodsi4.o)
 .text.libgcc.mul
                0x00000000        0x0 c:/program files (x86)/atmel/studio/7.0/toolchain/avr8/avr8-gnu-toolchain/bin/../lib/gcc/avr/5.4.0/avrxmega4\libgcc.a(_udivmodsi4.o)
 .text.libgcc   0x00000000        0x0 c:/program files (x86)/atmel/studio/7.0/toolchain/avr8/avr8-gnu-toolchain/bin/../lib/gcc/avr/5.4.0/avrxmega4\libgcc.a(_udivmodsi4.o)
 .text.libgcc.prologue
                0x00000000        0x0 c:/program files (x86)/atmel/studio/7.0/toolchain/avr8/avr8-gnu-toolchain/bin/../lib/gcc/avr/5.4.0/avrxmega4\libgcc.a(_udivmodsi4.o)
 .text.libgcc.builtins
                0x00000000        0x0 c:/program files (x86)/atmel/studio/7.0/toolchain/avr8/avr8-gnu-toolchain/bin/../lib/gcc/avr/5.4.0/avrxmega4\libgcc.a(_udivmodsi4.o)
 .text.libgcc.fmul
                0x00000000        0x0 c:/program files (x86)/atmel/studio/7.0/toolchain/avr8/avr8-gnu-toolchain/bin/../lib/gcc/avr/5.4.0/avrxmega4\libgcc.a(_udivmodsi4.o)
 .text.libgcc.fixed
                0x00000000        0x0 c:/program files (x86)/atmel/studio/7.0/toolchain/avr8/avr8-gnu-toolchain/bin/../lib/gcc/avr/5.4.0/avrxmega4\libgcc.a(_udivmodsi4.o)
 .text          0x00000000        0x0 c:/program files (x86)/atmel/studio/7.0/toolchain/avr8/avr8-gnu-toolchain/bin/../lib/gcc/avr/5.4.0/avrxmega4\libgcc.a(_exit.o)
 .data          0x00000000        0x0 c:/program files (x86)/atmel/studio/7.0/toolchain/avr8/avr8-gnu-toolchain/bin/../lib/gcc/avr/5.4.0/avrxmega4\libgcc.a(_exit.o)
 .bss           0x00000000        0x0 c:/program files (x86)/atmel/studio/7.0/toolchain/avr8/avr8-gnu-toolchain/bin/../lib/gcc/avr/5.4.0/avrxmega4\libgcc.a(_exit.o)
 .text.libgcc.mul
                0x00000000        0x0 c:/program files (x86)/atmel/studio/7.0/toolchain/avr8/avr8-gnu-toolchain/bin/../lib/gcc/avr/5.4.0/avrxmega4\libgcc.a(_exit.o)
 .text.libgcc.div
                0x00000000        0x0 c:/program files (x86)/atmel/studio/7.0/toolchain/avr8/avr8-gnu-toolchain/bin/../lib/gcc/avr/5.4.0/avrxmega4\libgcc.a(_exit.o)
 .text.libgcc   0x00000000        0x0 c:/program files (x86)/atmel/studio/7.0/toolchain/avr8/avr8-gnu-toolchain/bin/../lib/gcc/avr/5.4.0/avrxmega4\libgcc.a(_exit.o)
 .text.libgcc.prologue
                0x00000000        0x0 c:/program files (x86)/atmel/studio/7.0/toolchain/avr8/avr8-gnu-toolchain/bin/../lib/gcc/avr/5.4.0/avrxmega4\libgcc.a(_exit.o)
 .text.libgcc.builtins
                0x00000000        0x0 c:/program files (x86)/atmel/studio/7.0/toolchain/avr8/avr8-gnu-toolchain/bin/../lib/gcc/avr/5.4.0/avrxmega4\libgcc.a(_exit.o)
 .text.libgcc.fmul
                0x00000000        0x0 c:/program files (x86)/atmel/studio/7.0/toolchain/avr8/avr8-gnu-toolchain/bin/../lib/gcc/avr/5.4.0/avrxmega4\libgcc.a(_exit.o)
 .text.libgcc.fixed
                0x00000000        0x0 c:/program files (x86)/atmel/studio/7.0/toolchain/avr8/avr8-gnu-toolchain/bin/../lib/gcc/avr/5.4.0/avrxmega4\libgcc.a(_exit.o)
 .text          0x00000000        0x0 c:/program files (x86)/atmel/studio/7.0/toolchain/avr8/avr8-gnu-toolchain/bin/../lib/gcc/avr/5.4.0/avrxmega4\libgcc.a(_tablejump2.o)
 .data          0x00000000        0x0 c:/program files (x86)/atmel/studio/7.0/toolchain/avr8/avr8-gnu-toolchain/bin/../lib/gcc/avr/5.4.0/avrxmega4\libgcc.a(_tablejump2.o)
 .bss           0x00000000        0x0 c:/program files (x86)/atmel/studio/7.0/toolchain/avr8/avr8-gnu-toolchain/bin/../lib/gcc/avr/5.4.0/avrxmega4\libgcc.a(_tablejump2.o)
 .text.libgcc.mul
                0x00000000        0x0 c:/program files (x86)/atmel/studio/7.0/toolchain/avr8/avr8-gnu-toolchain/bin/../lib/gcc/avr/5.4.0/avrxmega4\libgcc.a(_tablejump2.o)
 .text.libgcc.div
                0x00000000        0x0 c:/program files (x86)/atmel/studio/7.0/toolchain/avr8/avr8-gnu-toolchain/bin/../lib/gcc/avr/5.4.0/avrxmega4\libgcc.a(_tablejump2.o)
 .text.libgcc.prologue
                0x00000000        0x0 c:/program files (x86)/atmel/studio/7.0/toolchain/avr8/avr8-gnu-toolchain/bin/../lib/gcc/avr/5.4.0/avrxmega4\libgcc.a(_tablejump2.o)
 .text.libgcc.builtins
                0x00000000        0x0 c:/program files (x86)/atmel/studio/7.0/toolchain/avr8/avr8-gnu-toolchain/bin/../lib/gcc/avr/5.4.0/avrxmega4\libgcc.a(_tablejump2.o)
 .text.libgcc.fmul
                0x00000000        0x0 c:/program files (x86)/atmel/studio/7.0/toolchain/avr8/avr8-gnu-toolchain/bin/../lib/gcc/avr/5.4.0/avrxmega4\libgcc.a(_tablejump2.o)
 .text.libgcc.fixed
                0x00000000        0x0 c:/program files (x86)/atmel/studio/7.0/toolchain/avr8/avr8-gnu-toolchain/bin/../lib/gcc/avr/5.4.0/avrxmega4\libgcc.a(_tablejump2.o)
 .text          0x00000000        0x0 c:/program files (x86)/atmel/studio/7.0/toolchain/avr8/avr8-gnu-toolchain/bin/../lib/gcc/avr/5.4.0/avrxmega4\libgcc.a(_copy_data.o)
 .data          0x00000000        0x0 c:/program files (x86)/atmel/studio/7.0/toolchain/avr8/avr8-gnu-toolchain/bin/../lib/gcc/avr/5.4.0/avrxmega4\libgcc.a(_copy_data.o)
 .bss           0x00000000        0x0 c:/program files (x86)/atmel/studio/7.0/toolchain/avr8/avr8-gnu-toolchain/bin/../lib/gcc/avr/5.4.0/avrxmega4\libgcc.a(_copy_data.o)
 .text.libgcc.mul
                0x00000000        0x0 c:/program files (x86)/atmel/studio/7.0/toolchain/avr8/avr8-gnu-toolchain/bin/../lib/gcc/avr/5.4.0/avrxmega4\libgcc.a(_copy_data.o)
 .text.libgcc.div
                0x00000000        0x0 c:/program files (x86)/atmel/studio/7.0/toolchain/avr8/avr8-gnu-toolchain/bin/../lib/gcc/avr/5.4.0/avrxmega4\libgcc.a(_copy_data.o)
 .text.libgcc   0x00000000        0x0 c:/program files (x86)/atmel/studio/7.0/toolchain/avr8/avr8-gnu-toolchain/bin/../lib/gcc/avr/5.4.0/avrxmega4\libgcc.a(_copy_data.o)
 .text.libgcc.prologue
                0x00000000        0x0 c:/program files (x86)/atmel/studio/7.0/toolchain/avr8/avr8-gnu-toolchain/bin/../lib/gcc/avr/5.4.0/avrxmega4\libgcc.a(_copy_data.o)
 .text.libgcc.builtins
                0x00000000        0x0 c:/program files (x86)/atmel/studio/7.0/toolchain/avr8/avr8-gnu-toolchain/bin/../lib/gcc/avr/5.4.0/avrxmega4\libgcc.a(_copy_data.o)
 .text.libgcc.fmul
                0x00000000        0x0 c:/program files (x86)/atmel/studio/7.0/toolchain/avr8/avr8-gnu-toolchain/bin/../lib/gcc/avr/5.4.0/avrxmega4\libgcc.a(_copy_data.o)
 .text.libgcc.fixed
                0x00000000        0x0 c:/program files (x86)/atmel/studio/7.0/toolchain/avr8/avr8-gnu-toolchain/bin/../lib/gcc/avr/5.4.0/avrxmega4\libgcc.a(_copy_data.o)
 .text          0x00000000        0x0 c:/program files (x86)/atmel/studio/7.0/toolchain/avr8/avr8-gnu-toolchain/bin/../lib/gcc/avr/5.4.0/avrxmega4\libgcc.a(_clear_bss.o)
 .data          0x00000000        0x0 c:/program files (x86)/atmel/studio/7.0/toolchain/avr8/avr8-gnu-toolchain/bin/../lib/gcc/avr/5.4.0/avrxmega4\libgcc.a(_clear_bss.o)
 .bss           0x00000000        0x0 c:/program files (x86)/atmel/studio/7.0/toolchain/avr8/avr8-gnu-toolchain/bin/../lib/gcc/avr/5.4.0/avrxmega4\libgcc.a(_clear_bss.o)
 .text.libgcc.mul
                0x00000000        0x0 c:/program files (x86)/atmel/studio/7.0/toolchain/avr8/avr8-gnu-toolchain/bin/../lib/gcc/avr/5.4.0/avrxmega4\libgcc.a(_clear_bss.o)
 .text.libgcc.div
                0x00000000        0x0 c:/program files (x86)/atmel/studio/7.0/toolchain/avr8/avr8-gnu-toolchain/bin/../lib/gcc/avr/5.4.0/avrxmega4\libgcc.a(_clear_bss.o)
 .text.libgcc   0x00000000        0x0 c:/program files (x86)/atmel/studio/7.0/toolchain/avr8/avr8-gnu-toolchain/bin/../lib/gcc/avr/5.4.0/avrxmega4\libgcc.a(_clear_bss.o)
 .text.libgcc.prologue
                0x00000000        0x0 c:/program files (x86)/atmel/studio/7.0/toolchain/avr8/avr8-gnu-toolchain/bin/../lib/gcc/avr/5.4.0/avrxmega4\libgcc.a(_clear_bss.o)
 .text.libgcc.builtins
                0x00000000        0x0 c:/program files (x86)/atmel/studio/7.0/toolchain/avr8/avr8-gnu-toolchain/bin/../lib/gcc/avr/5.4.0/avrxmega4\libgcc.a(_clear_bss.o)
 .text.libgcc.fmul
                0x00000000        0x0 c:/program files (x86)/atmel/studio/7.0/toolchain/avr8/avr8-gnu-toolchain/bin/../lib/gcc/avr/5.4.0/avrxmega4\libgcc.a(_clear_bss.o)
 .text.libgcc.fixed
                0x00000000        0x0 c:/program files (x86)/atmel/studio/7.0/toolchain/avr8/avr8-gnu-toolchain/bin/../lib/gcc/avr/5.4.0/avrxmega4\libgcc.a(_clear_bss.o)
 .text          0x00000000        0x0 c:/program files (x86)/atmel/studio/7.0/toolchain/avr8/avr8-gnu-toolchain/bin/../lib/gcc/avr/5.4.0/avrxmega4\libgcc.a(_bswapsi2.o)
 .data          0x00000000        0x0 c:/program files (x86)/atmel/studio/7.0/toolchain/avr8/avr8-gnu-toolchain/bin/../lib/gcc/avr/5.4.0/avrxmega4\libgcc.a(_bswapsi2.o)
 .bss           0x00000000        0x0 c:/program files (x86)/atmel/studio/7.0/toolchain/avr8/avr8-gnu-toolchain/bin/../lib/gcc/avr/5.4.0/avrxmega4\libgcc.a(_bswapsi2.o)
 .text.libgcc.mul
                0x00000000        0x0 c:/program files (x86)/atmel/studio/7.0/toolchain/avr8/avr8-gnu-toolchain/bin/../lib/gcc/avr/5.4.0/avrxmega4\libgcc.a(_bswapsi2.o)
 .text.libgcc.div
                0x00000000        0x0 c:/program files (x86)/atmel/studio/7.0/toolchain/avr8/avr8-gnu-toolchain/bin/../lib/gcc/avr/5.4.0/avrxmega4\libgcc.a(_bswapsi2.o)
 .text.libgcc   0x00000000        0x0 c:/program files (x86)/atmel/studio/7.0/toolchain/avr8/avr8-gnu-toolchain/bin/../lib/gcc/avr/5.4.0/avrxmega4\libgcc.a(_bswapsi2.o)
 .text.libgcc.prologue
                0x00000000        0x0 c:/program files (x86)/atmel/studio/7.0/toolchain/avr8/avr8-gnu-toolchain/bin/../lib/gcc/avr/5.4.0/avrxmega4\libgcc.a(_bswapsi2.o)
 .text.libgcc.fmul
                0x00000000        0x0 c:/program files (x86)/atmel/studio/7.0/toolchain/avr8/avr8-gnu-toolchain/bin/../lib/gcc/avr/5.4.0/avrxmega4\libgcc.a(_bswapsi2.o)
 .text.libgcc.fixed
                0x00000000        0x0 c:/program files (x86)/atmel/studio/7.0/toolchain/avr8/avr8-gnu-toolchain/bin/../lib/gcc/avr/5.4.0/avrxmega4\libgcc.a(_bswapsi2.o)
 .text          0x00000000        0x0 c:/program files (x86)/atmel/studio/7.0/toolchain/avr8/avr8-gnu-toolchain/bin/../lib/gcc/avr/5.4.0/../../../../avr/lib/avrxmega4\libc.a(rand.o)
 .bss           0x00000000        0x0 c:/program files (x86)/atmel/studio/7.0/toolchain/avr8/avr8-gnu-toolchain/bin/../lib/gcc/avr/5.4.0/../../../../avr/lib/avrxmega4\libc.a(rand.o)
 .text          0x00000000        0x0 c:/program files (x86)/atmel/studio/7.0/toolchain/avr8/avr8-gnu-toolchain/bin/../lib/gcc/avr/5.4.0/../../../../avr/lib/avrxmega4\libc.a(memcmp.o)
 .data          0x00000000        0x0 c:/program files (x86)/atmel/studio/7.0/toolchain/avr8/avr8-gnu-toolchain/bin/../lib/gcc/avr/5.4.0/../../../../avr/lib/avrxmega4\libc.a(memcmp.o)
 .bss           0x00000000        0x0 c:/program files (x86)/atmel/studio/7.0/toolchain/avr8/avr8-gnu-toolchain/bin/../lib/gcc/avr/5.4.0/../../../../avr/lib/avrxmega4\libc.a(memcmp.o)
 .text          0x00000000        0x0 c:/program files (x86)/atmel/studio/7.0/toolchain/avr8/avr8-gnu-toolchain/bin/../lib/gcc/avr/5.4.0/../../../../avr/lib/avrxmega4\libc.a(memcpy.o)
 .data          0x00000000        0x0 c:/program files (x86)/atmel/studio/7.0/toolchain/avr8/avr8-gnu-toolchain/bin/../lib/gcc/avr/5.4.0/../../../../avr/lib/avrxmega4\libc.a(memcpy.o)
 .bss           0x00000000        0x0 c:/program files (x86)/atmel/studio/7.0/toolchain/avr8/avr8-gnu-toolchain/bin/../lib/gcc/avr/5.4.0/../../../../avr/lib/avrxmega4\libc.a(memcpy.o)
 .text          0x00000000        0x0 c:/program files (x86)/atmel/studio/7.0/toolchain/avr8/avr8-gnu-toolchain/bin/../lib/gcc/avr/5.4.0/avrxmega4\libgcc.a(_divmodsi4.o)
 .data          0x00000000        0x0 c:/program files (x86)/atmel/studio/7.0/toolchain/avr8/avr8-gnu-toolchain/bin/../lib/gcc/avr/5.4.0/avrxmega4\libgcc.a(_divmodsi4.o)
 .bss           0x00000000        0x0 c:/program files (x86)/atmel/studio/7.0/toolchain/avr8/avr8-gnu-toolchain/bin/../lib/gcc/avr/5.4.0/avrxmega4\libgcc.a(_divmodsi4.o)
 .text.libgcc.mul
                0x00000000        0x0 c:/program files (x86)/atmel/studio/7.0/toolchain/avr8/avr8-gnu-toolchain/bin/../lib/gcc/avr/5.4.0/avrxmega4\libgcc.a(_divmodsi4.o)
 .text.libgcc   0x00000000        0x0 c:/program files (x86)/atmel/studio/7.0/toolchain/avr8/avr8-gnu-toolchain/bin/../lib/gcc/avr/5.4.0/avrxmega4\libgcc.a(_divmodsi4.o)
 .text.libgcc.prologue
                0x00000000        0x0 c:/program files (x86)/atmel/studio/7.0/toolchain/avr8/avr8-gnu-toolchain/bin/../lib/gcc/avr/5.4.0/avrxmega4\libgcc.a(_divmodsi4.o)
 .text.libgcc.builtins
                0x00000000        0x0 c:/program files (x86)/atmel/studio/7.0/toolchain/avr8/avr8-gnu-toolchain/bin/../lib/gcc/avr/5.4.0/avrxmega4\libgcc.a(_divmodsi4.o)
 .text.libgcc.fmul
                0x00000000        0x0 c:/program files (x86)/atmel/studio/7.0/toolchain/avr8/avr8-gnu-toolchain/bin/../lib/gcc/avr/5.4.0/avrxmega4\libgcc.a(_divmodsi4.o)
 .text.libgcc.fixed
                0x00000000        0x0 c:/program files (x86)/atmel/studio/7.0/toolchain/avr8/avr8-gnu-toolchain/bin/../lib/gcc/avr/5.4.0/avrxmega4\libgcc.a(_divmodsi4.o)
 .text          0x00000000        0x0 c:/program files (x86)/atmel/studio/7.0/toolchain/avr8/avr8-gnu-toolchain/bin/../lib/gcc/avr/5.4.0/avrxmega4\libgcc.a(_negsi2.o)
 .data          0x00000000        0x0 c:/program files (x86)/atmel/studio/7.0/toolchain/avr8/avr8-gnu-toolchain/bin/../lib/gcc/avr/5.4.0/avrxmega4\libgcc.a(_negsi2.o)
 .bss           0x00000000        0x0 c:/program files (x86)/atmel/studio/7.0/toolchain/avr8/avr8-gnu-toolchain/bin/../lib/gcc/avr/5.4.0/avrxmega4\libgcc.a(_negsi2.o)
 .text.libgcc.mul
                0x00000000        0x0 c:/program files (x86)/atmel/studio/7.0/toolchain/avr8/avr8-gnu-toolchain/bin/../lib/gcc/avr/5.4.0/avrxmega4\libgcc.a(_negsi2.o)
 .text.libgcc   0x00000000        0x0 c:/program files (x86)/atmel/studio/7.0/toolchain/avr8/avr8-gnu-toolchain/bin/../lib/gcc/avr/5.4.0/avrxmega4\libgcc.a(_negsi2.o)
 .text.libgcc.prologue
                0x00000000        0x0 c:/program files (x86)/atmel/studio/7.0/toolchain/avr8/avr8-gnu-toolchain/bin/../lib/gcc/avr/5.4.0/avrxmega4\libgcc.a(_negsi2.o)
 .text.libgcc.builtins
                0x00000000        0x0 c:/program files (x86)/atmel/studio/7.0/toolchain/avr8/avr8-gnu-toolchain/bin/../lib/gcc/avr/5.4.0/avrxmega4\libgcc.a(_negsi2.o)
 .text.libgcc.fmul
                0x00000000        0x0 c:/program files (x86)/atmel/studio/7.0/toolchain/avr8/avr8-gnu-toolchain/bin/../lib/gcc/avr/5.4.0/avrxmega4\libgcc.a(_negsi2.o)
 .text.libgcc.fixed
                0x00000000        0x0 c:/program files (x86)/atmel/studio/7.0/toolchain/avr8/avr8-gnu-toolchain/bin/../lib/gcc/avr/5.4.0/avrxmega4\libgcc.a(_negsi2.o)
 .text          0x00000000        0x0 c:/program files (x86)/atmel/studio/7.0/toolchain/avr8/avr8-gnu-toolchain/bin/../lib/gcc/avr/5.4.0/avrxmega4\libgcc.a(_muluhisi3.o)
 .data          0x00000000        0x0 c:/program files (x86)/atmel/studio/7.0/toolchain/avr8/avr8-gnu-toolchain/bin/../lib/gcc/avr/5.4.0/avrxmega4\libgcc.a(_muluhisi3.o)
 .bss           0x00000000        0x0 c:/program files (x86)/atmel/studio/7.0/toolchain/avr8/avr8-gnu-toolchain/bin/../lib/gcc/avr/5.4.0/avrxmega4\libgcc.a(_muluhisi3.o)
 .text.libgcc.div
                0x00000000        0x0 c:/program files (x86)/atmel/studio/7.0/toolchain/avr8/avr8-gnu-toolchain/bin/../lib/gcc/avr/5.4.0/avrxmega4\libgcc.a(_muluhisi3.o)
 .text.libgcc   0x00000000        0x0 c:/program files (x86)/atmel/studio/7.0/toolchain/avr8/avr8-gnu-toolchain/bin/../lib/gcc/avr/5.4.0/avrxmega4\libgcc.a(_muluhisi3.o)
 .text.libgcc.prologue
                0x00000000        0x0 c:/program files (x86)/atmel/studio/7.0/toolchain/avr8/avr8-gnu-toolchain/bin/../lib/gcc/avr/5.4.0/avrxmega4\libgcc.a(_muluhisi3.o)
 .text.libgcc.builtins
                0x00000000        0x0 c:/program files (x86)/atmel/studio/7.0/toolchain/avr8/avr8-gnu-toolchain/bin/../lib/gcc/avr/5.4.0/avrxmega4\libgcc.a(_muluhisi3.o)
 .text.libgcc.fmul
                0x00000000        0x0 c:/program files (x86)/atmel/studio/7.0/toolchain/avr8/avr8-gnu-toolchain/bin/../lib/gcc/avr/5.4.0/avrxmega4\libgcc.a(_muluhisi3.o)
 .text.libgcc.fixed
                0x00000000        0x0 c:/program files (x86)/atmel/studio/7.0/toolchain/avr8/avr8-gnu-toolchain/bin/../lib/gcc/avr/5.4.0/avrxmega4\libgcc.a(_muluhisi3.o)
 .text          0x00000000        0x0 c:/program files (x86)/atmel/studio/7.0/toolchain/avr8/avr8-gnu-toolchain/bin/../lib/gcc/avr/5.4.0/avrxmega4\libgcc.a(_mulshisi3.o)
 .data          0x00000000        0x0 c:/program files (x86)/atmel/studio/7.0/toolchain/avr8/avr8-gnu-toolchain/bin/../lib/gcc/avr/5.4.0/avrxmega4\libgcc.a(_mulshisi3.o)
 .bss           0x00000000        0x0 c:/program files (x86)/atmel/studio/7.0/toolchain/avr8/avr8-gnu-toolchain/bin/../lib/gcc/avr/5.4.0/avrxmega4\libgcc.a(_mulshisi3.o)
 .text.libgcc.div
                0x00000000        0x0 c:/program files (x86)/atmel/studio/7.0/toolchain/avr8/avr8-gnu-toolchain/bin/../lib/gcc/avr/5.4.0/avrxmega4\libgcc.a(_mulshisi3.o)
 .text.libgcc   0x00000000        0x0 c:/program files (x86)/atmel/studio/7.0/toolchain/avr8/avr8-gnu-toolchain/bin/../lib/gcc/avr/5.4.0/avrxmega4\libgcc.a(_mulshisi3.o)
 .text.libgcc.prologue
                0x00000000        0x0 c:/program files (x86)/atmel/studio/7.0/toolchain/avr8/avr8-gnu-toolchain/bin/../lib/gcc/avr/5.4.0/avrxmega4\libgcc.a(_mulshisi3.o)
 .text.libgcc.builtins
                0x00000000        0x0 c:/program files (x86)/atmel/studio/7.0/toolchain/avr8/avr8-gnu-toolchain/bin/../lib/gcc/avr/5.4.0/avrxmega4\libgcc.a(_mulshisi3.o)
 .text.libgcc.fmul
                0x00000000        0x0 c:/program files (x86)/atmel/studio/7.0/toolchain/avr8/avr8-gnu-toolchain/bin/../lib/gcc/avr/5.4.0/avrxmega4\libgcc.a(_mulshisi3.o)
 .text.libgcc.fixed
                0x00000000        0x0 c:/program files (x86)/atmel/studio/7.0/toolchain/avr8/avr8-gnu-toolchain/bin/../lib/gcc/avr/5.4.0/avrxmega4\libgcc.a(_mulshisi3.o)
 .text          0x00000000        0x0 c:/program files (x86)/atmel/studio/7.0/toolchain/avr8/avr8-gnu-toolchain/bin/../lib/gcc/avr/5.4.0/avrxmega4\libgcc.a(_umulhisi3.o)
 .data          0x00000000        0x0 c:/program files (x86)/atmel/studio/7.0/toolchain/avr8/avr8-gnu-toolchain/bin/../lib/gcc/avr/5.4.0/avrxmega4\libgcc.a(_umulhisi3.o)
 .bss           0x00000000        0x0 c:/program files (x86)/atmel/studio/7.0/toolchain/avr8/avr8-gnu-toolchain/bin/../lib/gcc/avr/5.4.0/avrxmega4\libgcc.a(_umulhisi3.o)
 .text.libgcc.div
                0x00000000        0x0 c:/program files (x86)/atmel/studio/7.0/toolchain/avr8/avr8-gnu-toolchain/bin/../lib/gcc/avr/5.4.0/avrxmega4\libgcc.a(_umulhisi3.o)
 .text.libgcc   0x00000000        0x0 c:/program files (x86)/atmel/studio/7.0/toolchain/avr8/avr8-gnu-toolchain/bin/../lib/gcc/avr/5.4.0/avrxmega4\libgcc.a(_umulhisi3.o)
 .text.libgcc.prologue
                0x00000000        0x0 c:/program files (x86)/atmel/studio/7.0/toolchain/avr8/avr8-gnu-toolchain/bin/../lib/gcc/avr/5.4.0/avrxmega4\libgcc.a(_umulhisi3.o)
 .text.libgcc.builtins
                0x00000000        0x0 c:/program files (x86)/atmel/studio/7.0/toolchain/avr8/avr8-gnu-toolchain/bin/../lib/gcc/avr/5.4.0/avrxmega4\libgcc.a(_umulhisi3.o)
 .text.libgcc.fmul
                0x00000000        0x0 c:/program files (x86)/atmel/studio/7.0/toolchain/avr8/avr8-gnu-toolchain/bin/../lib/gcc/avr/5.4.0/avrxmega4\libgcc.a(_umulhisi3.o)
 .text.libgcc.fixed
                0x00000000        0x0 c:/program files (x86)/atmel/studio/7.0/toolchain/avr8/avr8-gnu-toolchain/bin/../lib/gcc/avr/5.4.0/avrxmega4\libgcc.a(_umulhisi3.o)

Memory Configuration

Name             Origin             Length             Attributes
text             0x00000000         0x00100000         xr
data             0x00802000         0x0000ffa0         rw !x
eeprom           0x00810000         0x00010000         rw !x
fuse             0x00820000         0x00000006         rw !x
lock             0x00830000         0x00000400         rw !x
signature        0x00840000         0x00000400         rw !x
user_signatures  0x00850000         0x00000400         rw !x
*default*        0x00000000         0xffffffff

Linker script and memory map

LOAD C:/Program Files (x86)/Atmel/Studio/7.0/Packs/atmel/XMEGAA_DFP/1.1.68/gcc/dev/atxmega64a3u/avrxmega4/crtatxmega64a3u.o
LOAD alarm.o
LOAD analog.o
LOAD autotune.o
LOAD crc.o
LOAD dms_interface.o
LOAD freq_cntr.o
LOAD GTimer.o
LOAD interface.o
LOAD dds.o
LOAD Hafnon.o
LOAD lowlevel.o
LOAD nvm_eeprom.o
LOAD rs232.o
LOAD spi.o
LOAD timers.o
LOAD utility/util.o
LOAD utility/util_asm.o
LOAD watchdog.o
LOAD zircon_config.o
LOAD zircon_sleep.o
START GROUP
LOAD c:/program files (x86)/atmel/studio/7.0/toolchain/avr8/avr8-gnu-toolchain/bin/../lib/gcc/avr/5.4.0/../../../../avr/lib/avrxmega4\libm.a
END GROUP
START GROUP
LOAD c:/program files (x86)/atmel/studio/7.0/toolchain/avr8/avr8-gnu-toolchain/bin/../lib/gcc/avr/5.4.0/avrxmega4\libgcc.a
LOAD c:/program files (x86)/atmel/studio/7.0/toolchain/avr8/avr8-gnu-toolchain/bin/../lib/gcc/avr/5.4.0/../../../../avr/lib/avrxmega4\libm.a
LOAD c:/program files (x86)/atmel/studio/7.0/toolchain/avr8/avr8-gnu-toolchain/bin/../lib/gcc/avr/5.4.0/../../../../avr/lib/avrxmega4\libc.a
LOAD C:/Program Files (x86)/Atmel/Studio/7.0/Packs/atmel/XMEGAA_DFP/1.1.68/gcc/dev/atxmega64a3u/avrxmega4\libatxmega64a3u.a
END GROUP
                0x00100000                __TEXT_REGION_LENGTH__ = DEFINED (__TEXT_REGION_LENGTH__)?__TEXT_REGION_LENGTH__:0x100000
                0x0000ffa0                __DATA_REGION_LENGTH__ = DEFINED (__DATA_REGION_LENGTH__)?__DATA_REGION_LENGTH__:0xffa0
                0x00010000                __EEPROM_REGION_LENGTH__ = DEFINED (__EEPROM_REGION_LENGTH__)?__EEPROM_REGION_LENGTH__:0x10000
                [0x00000006]                __FUSE_REGION_LENGTH__ = DEFINED (__FUSE_REGION_LENGTH__)?__FUSE_REGION_LENGTH__:0x400
                0x00000400                __LOCK_REGION_LENGTH__ = DEFINED (__LOCK_REGION_LENGTH__)?__LOCK_REGION_LENGTH__:0x400
                0x00000400                __SIGNATURE_REGION_LENGTH__ = DEFINED (__SIGNATURE_REGION_LENGTH__)?__SIGNATURE_REGION_LENGTH__:0x400
                0x00000400                __USER_SIGNATURE_REGION_LENGTH__ = DEFINED (__USER_SIGNATURE_REGION_LENGTH__)?__USER_SIGNATURE_REGION_LENGTH__:0x400

.hash
 *(.hash)

.dynsym
 *(.dynsym)

.dynstr
 *(.dynstr)

.gnu.version
 *(.gnu.version)

.gnu.version_d
 *(.gnu.version_d)

.gnu.version_r
 *(.gnu.version_r)

.rel.init
 *(.rel.init)

.rela.init
 *(.rela.init)

.rel.text
 *(.rel.text)
 *(.rel.text.*)
 *(.rel.gnu.linkonce.t*)

.rela.text
 *(.rela.text)
 *(.rela.text.*)
 *(.rela.gnu.linkonce.t*)

.rel.fini
 *(.rel.fini)

.rela.fini
 *(.rela.fini)

.rel.rodata
 *(.rel.rodata)
 *(.rel.rodata.*)
 *(.rel.gnu.linkonce.r*)

.rela.rodata
 *(.rela.rodata)
 *(.rela.rodata.*)
 *(.rela.gnu.linkonce.r*)

.rel.data
 *(.rel.data)
 *(.rel.data.*)
 *(.rel.gnu.linkonce.d*)

.rela.data
 *(.rela.data)
 *(.rela.data.*)
 *(.rela.gnu.linkonce.d*)

.rel.ctors
 *(.rel.ctors)

.rela.ctors
 *(.rela.ctors)

.rel.dtors
 *(.rel.dtors)

.rela.dtors
 *(.rela.dtors)

.rel.got
 *(.rel.got)

.rela.got
 *(.rela.got)

.rel.bss
 *(.rel.bss)

.rela.bss
 *(.rela.bss)

.rel.plt
 *(.rel.plt)

.rela.plt
 *(.rela.plt)

.text           0x00000000     0x622a
 *(.vectors)
 .vectors       0x00000000      0x1fc C:/Program Files (x86)/Atmel/Studio/7.0/Packs/atmel/XMEGAA_DFP/1.1.68/gcc/dev/atxmega64a3u/avrxmega4/crtatxmega64a3u.o
                0x00000000                __vector_default
                0x00000000                __vectors
 *(.vectors)
 *(.progmem.gcc*)
 .progmem.gcc_sw_table.fixEmeraldMessage
                0x000001fc       0x20 dms_interface.o
 .progmem.gcc_sw_table.ProcessGETPCODE
                0x0000021c       0x56 dms_interface.o
 .progmem.gcc_sw_table.ProcessSETPCODE
                0x00000272       0x56 dms_interface.o
 .progmem.gcc_sw_table.GTimer_Refresh
                0x000002c8       0x20 GTimer.o
 .progmem.gcc_sw_table.buildStatusPayload
                0x000002e8       0x22 Hafnon.o
 .progmem.gcc_sw_table.getConfigInfo
                0x0000030a       0x34 zircon_config.o
                0x0000033e                . = ALIGN (0x2)
                0x0000033e                __trampolines_start = .
 *(.trampolines)
 .trampolines   0x0000033e        0x0 linker stubs
 *(.trampolines*)
                0x0000033e                __trampolines_end = .
 *libprintf_flt.a:*(.progmem.data)
 *libc.a:*(.progmem.data)
 *(.progmem*)
                0x0000033e                . = ALIGN (0x2)
 *(.jumptables)
 *(.jumptables*)
 *(.lowtext)
 *(.lowtext*)
                0x0000033e                __ctors_start = .
 *(.ctors)
                0x0000033e                __ctors_end = .
                0x0000033e                __dtors_start = .
 *(.dtors)
                0x0000033e                __dtors_end = .
 SORT(*)(.ctors)
 SORT(*)(.dtors)
 *(.init0)
 .init0         0x0000033e        0x0 C:/Program Files (x86)/Atmel/Studio/7.0/Packs/atmel/XMEGAA_DFP/1.1.68/gcc/dev/atxmega64a3u/avrxmega4/crtatxmega64a3u.o
                0x0000033e                __init
 *(.init0)
 *(.init1)
 *(.init1)
 *(.init2)
 .init2         0x0000033e        0xc C:/Program Files (x86)/Atmel/Studio/7.0/Packs/atmel/XMEGAA_DFP/1.1.68/gcc/dev/atxmega64a3u/avrxmega4/crtatxmega64a3u.o
 *(.init2)
 *(.init3)
 *(.init3)
 *(.init4)
 .init4         0x0000034a       0x1a c:/program files (x86)/atmel/studio/7.0/toolchain/avr8/avr8-gnu-toolchain/bin/../lib/gcc/avr/5.4.0/avrxmega4\libgcc.a(_copy_data.o)
                0x0000034a                __do_copy_data
 .init4         0x00000364       0x10 c:/program files (x86)/atmel/studio/7.0/toolchain/avr8/avr8-gnu-toolchain/bin/../lib/gcc/avr/5.4.0/avrxmega4\libgcc.a(_clear_bss.o)
                0x00000364                __do_clear_bss
 *(.init4)
 *(.init5)
 *(.init5)
 *(.init6)
 *(.init6)
 *(.init7)
 *(.init7)
 *(.init8)
 *(.init8)
 *(.init9)
 .init9         0x00000374        0x8 C:/Program Files (x86)/Atmel/Studio/7.0/Packs/atmel/XMEGAA_DFP/1.1.68/gcc/dev/atxmega64a3u/avrxmega4/crtatxmega64a3u.o
 *(.init9)
 *(.text)
 .text          0x0000037c        0x4 C:/Program Files (x86)/Atmel/Studio/7.0/Packs/atmel/XMEGAA_DFP/1.1.68/gcc/dev/atxmega64a3u/avrxmega4/crtatxmega64a3u.o
                0x0000037c                __vector_38
                0x0000037c                __vector_104
                0x0000037c                __vector_22
                0x0000037c                __vector_63
                0x0000037c                __vector_28
                0x0000037c                __vector_67
                0x0000037c                __vector_1
                0x0000037c                __vector_119
                0x0000037c                __vector_32
                0x0000037c                __vector_75
                0x0000037c                __vector_71
                0x0000037c                __vector_91
                0x0000037c                __vector_34
                0x0000037c                __vector_62
                0x0000037c                __vector_102
                0x0000037c                __vector_24
                0x0000037c                __vector_12
                0x0000037c                __vector_55
                0x0000037c                __vector_69
                0x0000037c                __vector_81
                0x0000037c                __vector_90
                0x0000037c                __vector_46
                0x0000037c                __bad_interrupt
                0x0000037c                __vector_122
                0x0000037c                __vector_72
                0x0000037c                __vector_114
                0x0000037c                __vector_6
                0x0000037c                __vector_110
                0x0000037c                __vector_31
                0x0000037c                __vector_92
                0x0000037c                __vector_35
                0x0000037c                __vector_78
                0x0000037c                __vector_74
                0x0000037c                __vector_117
                0x0000037c                __vector_39
                0x0000037c                __vector_107
                0x0000037c                __vector_3
                0x0000037c                __vector_105
                0x0000037c                __vector_98
                0x0000037c                __vector_23
                0x0000037c                __vector_68
                0x0000037c                __vector_30
                0x0000037c                __vector_73
                0x0000037c                __vector_45
                0x0000037c                __vector_25
                0x0000037c                __vector_93
                0x0000037c                __vector_61
                0x0000037c                __vector_11
                0x0000037c                __vector_54
                0x0000037c                __vector_99
                0x0000037c                __vector_13
                0x0000037c                __vector_17
                0x0000037c                __vector_19
                0x0000037c                __vector_56
                0x0000037c                __vector_7
                0x0000037c                __vector_125
                0x0000037c                __vector_123
                0x0000037c                __vector_41
                0x0000037c                __vector_86
                0x0000037c                __vector_100
                0x0000037c                __vector_101
                0x0000037c                __vector_88
                0x0000037c                __vector_109
                0x0000037c                __vector_27
                0x0000037c                __vector_5
                0x0000037c                __vector_113
                0x0000037c                __vector_33
                0x0000037c                __vector_76
                0x0000037c                __vector_115
                0x0000037c                __vector_37
                0x0000037c                __vector_95
                0x0000037c                __vector_103
                0x0000037c                __vector_96
                0x0000037c                __vector_89
                0x0000037c                __vector_4
                0x0000037c                __vector_44
                0x0000037c                __vector_82
                0x0000037c                __vector_106
                0x0000037c                __vector_118
                0x0000037c                __vector_9
                0x0000037c                __vector_2
                0x0000037c                __vector_21
                0x0000037c                __vector_15
                0x0000037c                __vector_36
                0x0000037c                __vector_79
                0x0000037c                __vector_58
                0x0000037c                __vector_70
                0x0000037c                __vector_83
                0x0000037c                __vector_29
                0x0000037c                __vector_60
                0x0000037c                __vector_121
                0x0000037c                __vector_40
                0x0000037c                __vector_85
                0x0000037c                __vector_94
                0x0000037c                __vector_126
                0x0000037c                __vector_8
                0x0000037c                __vector_26
                0x0000037c                __vector_48
                0x0000037c                __vector_124
                0x0000037c                __vector_116
                0x0000037c                __vector_112
                0x0000037c                __vector_111
                0x0000037c                __vector_80
                0x0000037c                __vector_14
                0x0000037c                __vector_84
                0x0000037c                __vector_57
                0x0000037c                __vector_53
                0x0000037c                __vector_16
                0x0000037c                __vector_59
                0x0000037c                __vector_18
                0x0000037c                __vector_97
                0x0000037c                __vector_42
                0x0000037c                __vector_87
                0x0000037c                __vector_65
                0x0000037c                __vector_120
                0x00000380                . = ALIGN (0x2)
 *(.text.*)
 .text.ledYellowOn
                0x00000380       0x12 alarm.o
                0x00000380                ledYellowOn
 .text.ledBlueOn
                0x00000392       0x12 alarm.o
                0x00000392                ledBlueOn
 .text.ledRedOn
                0x000003a4       0x12 alarm.o
                0x000003a4                ledRedOn
 .text.ledBlueGreenOn
                0x000003b6       0x12 alarm.o
                0x000003b6                ledBlueGreenOn
 .text.ledBlueRedOn
                0x000003c8       0x12 alarm.o
                0x000003c8                ledBlueRedOn
 .text.ledOff   0x000003da       0x12 alarm.o
                0x000003da                ledOff
 .text.BlinkingExpired
                0x000003ec       0x26 alarm.o
                0x000003ec                BlinkingExpired
 .text.DefaultBlinkingExpired
                0x00000412       0x26 alarm.o
                0x00000412                DefaultBlinkingExpired
 .text.sounderOff
                0x00000438        0x8 alarm.o
                0x00000438                sounderOff
 .text.outputOn
                0x00000440       0x10 alarm.o
                0x00000440                outputOn
 .text.outputOff
                0x00000450       0x10 alarm.o
                0x00000450                outputOff
 .text.alarmExpired
                0x00000460       0x82 alarm.o
                0x00000460                alarmExpired
 .text.GPOoutputOff
                0x000004e2       0x1c alarm.o
                0x000004e2                GPOoutputOff
 .text.alarmInit
                0x000004fe       0x9c alarm.o
                0x000004fe                alarmInit
 .text.interlockLEDOn
                0x0000059a       0x10 alarm.o
                0x0000059a                interlockLEDOn
 .text.interlockLEDOff
                0x000005aa       0x12 alarm.o
                0x000005aa                interlockLEDOff
 .text.misTuningBlinking
                0x000005bc        0xa alarm.o
                0x000005bc                misTuningBlinking
 .text.misTuningBlinkingOff
                0x000005c6       0x24 alarm.o
                0x000005c6                misTuningBlinkingOff
 .text.defaultConfigBlinking
                0x000005ea        0xa alarm.o
                0x000005ea                defaultConfigBlinking
 .text.defaultConfigBlinkingOff
                0x000005f4       0x4e alarm.o
                0x000005f4                defaultConfigBlinkingOff
 .text.IncrementAlarmRate
                0x00000642      0x1b0 alarm.o
                0x00000642                IncrementAlarmRate
 .text.startAlarm
                0x000007f2      0x17a alarm.o
                0x000007f2                startAlarm
 .text.adc_init
                0x0000096c       0x68 analog.o
                0x0000096c                adc_init
 .text.adc_enable
                0x000009d4        0xc analog.o
                0x000009d4                adc_enable
 .text.adc_disable
                0x000009e0        0xc analog.o
                0x000009e0                adc_disable
 .text.adc0_start
                0x000009ec        0xc analog.o
                0x000009ec                adc0_start
 .text.dac_init
                0x000009f8       0x2a analog.o
                0x000009f8                dac_init
 .text.dac_write_data
                0x00000a22       0xa8 analog.o
                0x00000a22                dac_write_data
 .text.dac_VPA_adj
                0x00000aca       0x12 analog.o
                0x00000aca                dac_VPA_adj
 .text.adj_AutoTune
                0x00000adc       0xce autotune.o
 .text.startAutoTune
                0x00000baa      0x250 autotune.o
                0x00000baa                startAutoTune
 .text.measureAutoTune
                0x00000dfa      0x378 autotune.o
                0x00000dfa                measureAutoTune
 .text.verifyTuning
                0x00001172        0x8 autotune.o
                0x00001172                verifyTuning
 .text.verifyovervolt
                0x0000117a        0x8 autotune.o
                0x0000117a                verifyovervolt
 .text.crcTableGen
                0x00001182       0x3e crc.o
                0x00001182                crcTableGen
 .text.CalculateCRC
                0x000011c0       0x5e crc.o
                0x000011c0                CalculateCRC
 .text.fixEmeraldHeader
                0x0000121e       0x60 dms_interface.o
                0x0000121e                fixEmeraldHeader
 .text.fixEmeraldMessage
                0x0000127e      0x2f0 dms_interface.o
                0x0000127e                fixEmeraldMessage
 .text.ChangeEmeraldEndian
                0x0000156e       0x86 dms_interface.o
                0x0000156e                ChangeEmeraldEndian
 .text.ProcessACK
                0x000015f4       0xbc dms_interface.o
                0x000015f4                ProcessACK
 .text.NakMessage
                0x000016b0       0xe0 dms_interface.o
                0x000016b0                NakMessage
 .text.ProcessGETPCODE
                0x00001790      0x4e6 dms_interface.o
                0x00001790                ProcessGETPCODE
 .text.FormatAndSendSpecficCMD
                0x00001c76      0x228 dms_interface.o
                0x00001c76                FormatAndSendSpecficCMD
 .text.calculateCrcEeprom
                0x00001e9e       0x42 dms_interface.o
                0x00001e9e                calculateCrcEeprom
 .text.ProcessSETPCODE
                0x00001ee0      0x3cc dms_interface.o
                0x00001ee0                ProcessSETPCODE
 .text.SerFEPTask
                0x000022ac      0x1ce dms_interface.o
                0x000022ac                SerFEPTask
 .text.verifyCRC
                0x0000247a       0x3e dms_interface.o
                0x0000247a                verifyCRC
 .text.xmega_freq_cntr_init
                0x000024b8       0x1e freq_cntr.o
                0x000024b8                xmega_freq_cntr_init
 .text.xmega_freq_cntr_start_meas
                0x000024d6       0x36 freq_cntr.o
                0x000024d6                xmega_freq_cntr_start_meas
 .text.__vector_77
                0x0000250c       0x52 freq_cntr.o
                0x0000250c                __vector_77
 .text.compare_frequency_and_set_new_voltage
                0x0000255e       0x8c freq_cntr.o
                0x0000255e                compare_frequency_and_set_new_voltage
 .text.measure_and_correct_frequency
                0x000025ea       0x84 freq_cntr.o
                0x000025ea                measure_and_correct_frequency
 .text.Gtimer_Idle
                0x0000266e        0x2 GTimer.o
 .text.GTimer_Initial
                0x00002670       0x6c GTimer.o
                0x00002670                GTimer_Initial
 .text.GTimer_RegisterCB
                0x000026dc       0x38 GTimer.o
                0x000026dc                GTimer_RegisterCB
 .text.GTimer_unRegisterCB
                0x00002714       0x22 GTimer.o
                0x00002714                GTimer_unRegisterCB
 .text.GTimer_Refresh
                0x00002736      0x214 GTimer.o
                0x00002736                GTimer_Refresh
 .text.GTimer_Stop
                0x0000294a        0xe GTimer.o
                0x0000294a                GTimer_Stop
 .text.__vector_108
                0x00002958       0xf4 GTimer.o
                0x00002958                __vector_108
 .text.setLockoutMode6
                0x00002a4c       0x16 interface.o
 .text.setLockoutMode4
                0x00002a62       0x24 interface.o
 .text.setTagBand
                0x00002a86       0x4e interface.o
                0x00002a86                setTagBand
 .text.setFrameRate
                0x00002ad4       0x40 interface.o
                0x00002ad4                setFrameRate
 .text.configInterlock
                0x00002b14       0x3c interface.o
                0x00002b14                configInterlock
 .text.createJitter
                0x00002b50       0x3e interface.o
                0x00002b50                createJitter
 .text.setVPA_Level
                0x00002b8e       0x4a interface.o
                0x00002b8e                setVPA_Level
 .text.setDeactMode
                0x00002bd8      0x33a interface.o
                0x00002bd8                setDeactMode
 .text.setDetectionMode4
                0x00002f12       0xdc interface.o
 .text.setAlarms
                0x00002fee       0xc4 interface.o
                0x00002fee                setAlarms
 .text.processInterlock
                0x000030b2        0x4 interface.o
                0x000030b2                processInterlock
 .text.closeInterlock
                0x000030b6       0x10 interface.o
                0x000030b6                closeInterlock
 .text.sendPing
                0x000030c6       0x18 Hafnon.o
                0x000030c6                sendPing
 .text.statusInhibit
                0x000030de       0x20 Hafnon.o
                0x000030de                statusInhibit
 .text.resetErase
                0x000030fe       0x7e Hafnon.o
                0x000030fe                resetErase
 .text.__vector_66
                0x0000317c       0x7c Hafnon.o
                0x0000317c                __vector_66
 .text.__vector_43
                0x000031f8      0x11e Hafnon.o
                0x000031f8                __vector_43
 .text.__vector_64
                0x00003316      0x33c Hafnon.o
                0x00003316                __vector_64
 .text.sendAlarmPing
                0x00003652       0x18 Hafnon.o
                0x00003652                sendAlarmPing
 .text.buildStatusPayload
                0x0000366a      0x18e Hafnon.o
                0x0000366a                buildStatusPayload
 .text.startup.main
                0x000037f8      0x968 Hafnon.o
                0x000037f8                main
 .text.clk_24MHZ_using_16MHZ_external
                0x00004160       0x4e lowlevel.o
                0x00004160                clk_24MHZ_using_16MHZ_external
 .text.initGPIO
                0x000041ae       0x56 lowlevel.o
                0x000041ae                initGPIO
 .text.processGpoPin
                0x00004204       0x50 lowlevel.o
                0x00004204                processGpoPin
 .text.GPI_activeState
                0x00004254       0x38 lowlevel.o
                0x00004254                GPI_activeState
 .text.lowlevel_init
                0x0000428c      0x142 lowlevel.o
                0x0000428c                lowlevel_init
 .text.nvm_wait_until_ready
                0x000043ce        0xa nvm_eeprom.o
 .text.nvm_issue_command
                0x000043d8       0x22 nvm_eeprom.o
 .text.nvm_eeprom_read_byte
                0x000043fa       0x24 nvm_eeprom.o
                0x000043fa                nvm_eeprom_read_byte
 .text.nvm_eeprom_read_buffer
                0x0000441e       0x48 nvm_eeprom.o
                0x0000441e                nvm_eeprom_read_buffer
 .text.nvm_eeprom_flush_buffer
                0x00004466       0x1e nvm_eeprom.o
                0x00004466                nvm_eeprom_flush_buffer
 .text.nvm_eeprom_load_byte_to_buffer
                0x00004484       0x2a nvm_eeprom.o
                0x00004484                nvm_eeprom_load_byte_to_buffer
 .text.nvm_eeprom_write_byte
                0x000044ae       0x4c nvm_eeprom.o
                0x000044ae                nvm_eeprom_write_byte
 .text.nvm_eeprom_load_page_to_buffer
                0x000044fa       0x28 nvm_eeprom.o
                0x000044fa                nvm_eeprom_load_page_to_buffer
 .text.nvm_eeprom_atomic_write_page
                0x00004522       0x22 nvm_eeprom.o
                0x00004522                nvm_eeprom_atomic_write_page
 .text.nvm_eeprom_erase_and_write_buffer
                0x00004544       0x7e nvm_eeprom.o
                0x00004544                nvm_eeprom_erase_and_write_buffer
 .text.usart_set_baudrate
                0x000045c2       0x88 rs232.o
                0x000045c2                usart_set_baudrate
 .text.dms_rs232_init
                0x0000464a       0x36 rs232.o
                0x0000464a                dms_rs232_init
 .text.dms_rs232_disable
                0x00004680       0x12 rs232.o
                0x00004680                dms_rs232_disable
 .text.dms_rs232_putchar
                0x00004692       0x10 rs232.o
                0x00004692                dms_rs232_putchar
 .text.dms_rs232_getchar
                0x000046a2        0xe rs232.o
                0x000046a2                dms_rs232_getchar
 .text.dms_rs232_getchar_block_timer
                0x000046b0       0x2e rs232.o
                0x000046b0                dms_rs232_getchar_block_timer
 .text.dms_rs232_getchar_non_block
                0x000046de        0x6 rs232.o
                0x000046de                dms_rs232_getchar_non_block
 .text.dms_rs232_send_data_length
                0x000046e4       0x2c rs232.o
                0x000046e4                dms_rs232_send_data_length
 .text.clearCycleTimer
                0x00004710       0x1e timers.o
 .text.__vector_49
                0x0000472e       0xc2 timers.o
                0x0000472e                __vector_49
 .text.__vector_50
                0x000047f0       0xa6 timers.o
                0x000047f0                __vector_50
 .text.frame_timer_init
                0x00004896       0x18 timers.o
                0x00004896                frame_timer_init
 .text.frame_timer_start
                0x000048ae        0xc timers.o
                0x000048ae                frame_timer_start
 .text.frame_timer_stop
                0x000048ba        0xc timers.o
                0x000048ba                frame_timer_stop
 .text.pwm_init
                0x000048c6       0x16 timers.o
                0x000048c6                pwm_init
 .text.pwm_stop
                0x000048dc       0x12 timers.o
                0x000048dc                pwm_stop
 .text.__vector_47
                0x000048ee      0x112 timers.o
                0x000048ee                __vector_47
 .text.pwm_start
                0x00004a00       0x28 timers.o
                0x00004a00                pwm_start
 .text.__vector_20
                0x00004a28      0x4e8 timers.o
                0x00004a28                __vector_20
 .text.__vector_51
                0x00004f10       0x90 timers.o
                0x00004f10                __vector_51
 .text.__vector_52
                0x00004fa0       0xcc timers.o
                0x00004fa0                __vector_52
 .text.rtc_interlock_timer_init
                0x0000506c       0x26 timers.o
                0x0000506c                rtc_interlock_timer_init
 .text.rtc_interlock_timer_start
                0x00005092       0x12 timers.o
                0x00005092                rtc_interlock_timer_start
 .text.rtc_interlock_timer_stop
                0x000050a4       0x16 timers.o
                0x000050a4                rtc_interlock_timer_stop
 .text.__vector_10
                0x000050ba      0x136 timers.o
                0x000050ba                __vector_10
 .text.ccp_write_io
                0x000051f0        0xe utility/util.o
                0x000051f0                ccp_write_io
 .text.nvm_read_byte
                0x000051fe       0x14 utility/util_asm.o
                0x000051fe                nvm_read_byte
 .text.readDipSwitch
                0x00005212       0x7a zircon_config.o
                0x00005212                readDipSwitch
 .text.getConfigInfo
                0x0000528c      0x15a zircon_config.o
                0x0000528c                getConfigInfo
 .text.software_reset
                0x000053e6       0x12 zircon_config.o
                0x000053e6                software_reset
 .text.setDefaultBitAndValues
                0x000053f8      0x152 zircon_config.o
                0x000053f8                setDefaultBitAndValues
 .text.setDefaultBasedOnDipSwitches
                0x0000554a      0x1be zircon_config.o
                0x0000554a                setDefaultBasedOnDipSwitches
 .text.setDefaultValues
                0x00005708       0x7c zircon_config.o
                0x00005708                setDefaultValues
 .text.populateStructureWithSettingsBasedOnDefault
                0x00005784      0x168 zircon_config.o
                0x00005784                populateStructureWithSettingsBasedOnDefault
 .text.calculateCRCAndSave
                0x000058ec       0x32 zircon_config.o
                0x000058ec                calculateCRCAndSave
 .text.setConfigBasedOnDipSwitchesAndDefault
                0x0000591e      0x24a zircon_config.o
                0x0000591e                setConfigBasedOnDipSwitchesAndDefault
 .text.set_parameters
                0x00005b68       0x9a zircon_config.o
                0x00005b68                set_parameters
 .text.disableConfigLED
                0x00005c02       0x3a zircon_config.o
                0x00005c02                disableConfigLED
 .text.writeConfigValuestForDMSToEEPROM
                0x00005c3c      0x3bc zircon_config.o
                0x00005c3c                writeConfigValuestForDMSToEEPROM
 .text.libgcc.div
                0x00005ff8       0x18 c:/program files (x86)/atmel/studio/7.0/toolchain/avr8/avr8-gnu-toolchain/bin/../lib/gcc/avr/5.4.0/avrxmega4\libgcc.a(_udivmodqi4.o)
                0x00005ff8                __udivmodqi4
 .text.libgcc.div
                0x00006010       0x28 c:/program files (x86)/atmel/studio/7.0/toolchain/avr8/avr8-gnu-toolchain/bin/../lib/gcc/avr/5.4.0/avrxmega4\libgcc.a(_udivmodhi4.o)
                0x00006010                __udivmodhi4
 .text.libgcc.div
                0x00006038       0x28 c:/program files (x86)/atmel/studio/7.0/toolchain/avr8/avr8-gnu-toolchain/bin/../lib/gcc/avr/5.4.0/avrxmega4\libgcc.a(_divmodhi4.o)
                0x00006038                _div
                0x00006038                __divmodhi4
 .text.libgcc.div
                0x00006060       0x44 c:/program files (x86)/atmel/studio/7.0/toolchain/avr8/avr8-gnu-toolchain/bin/../lib/gcc/avr/5.4.0/avrxmega4\libgcc.a(_udivmodsi4.o)
                0x00006060                __udivmodsi4
 .text.libgcc   0x000060a4       0x12 c:/program files (x86)/atmel/studio/7.0/toolchain/avr8/avr8-gnu-toolchain/bin/../lib/gcc/avr/5.4.0/avrxmega4\libgcc.a(_tablejump2.o)
                0x000060a4                __tablejump2__
 .text.libgcc.builtins
                0x000060b6        0xe c:/program files (x86)/atmel/studio/7.0/toolchain/avr8/avr8-gnu-toolchain/bin/../lib/gcc/avr/5.4.0/avrxmega4\libgcc.a(_bswapsi2.o)
                0x000060b6                __bswapsi2
 .text.avr-libc
                0x000060c4       0xb4 c:/program files (x86)/atmel/studio/7.0/toolchain/avr8/avr8-gnu-toolchain/bin/../lib/gcc/avr/5.4.0/../../../../avr/lib/avrxmega4\libc.a(rand.o)
                0x00006156                rand_r
                0x0000615a                rand
                0x00006162                srand
 .text.avr-libc
                0x00006178       0x1a c:/program files (x86)/atmel/studio/7.0/toolchain/avr8/avr8-gnu-toolchain/bin/../lib/gcc/avr/5.4.0/../../../../avr/lib/avrxmega4\libc.a(memcmp.o)
                0x00006178                memcmp
 .text.avr-libc
                0x00006192       0x12 c:/program files (x86)/atmel/studio/7.0/toolchain/avr8/avr8-gnu-toolchain/bin/../lib/gcc/avr/5.4.0/../../../../avr/lib/avrxmega4\libc.a(memcpy.o)
                0x00006192                memcpy
 .text.libgcc.div
                0x000061a4       0x2e c:/program files (x86)/atmel/studio/7.0/toolchain/avr8/avr8-gnu-toolchain/bin/../lib/gcc/avr/5.4.0/avrxmega4\libgcc.a(_divmodsi4.o)
                0x000061a4                __divmodsi4
 .text.libgcc.div
                0x000061d2       0x10 c:/program files (x86)/atmel/studio/7.0/toolchain/avr8/avr8-gnu-toolchain/bin/../lib/gcc/avr/5.4.0/avrxmega4\libgcc.a(_negsi2.o)
                0x000061d2                __negsi2
 .text.libgcc.mul
                0x000061e2       0x16 c:/program files (x86)/atmel/studio/7.0/toolchain/avr8/avr8-gnu-toolchain/bin/../lib/gcc/avr/5.4.0/avrxmega4\libgcc.a(_muluhisi3.o)
                0x000061e2                __muluhisi3
 .text.libgcc.mul
                0x000061f8       0x10 c:/program files (x86)/atmel/studio/7.0/toolchain/avr8/avr8-gnu-toolchain/bin/../lib/gcc/avr/5.4.0/avrxmega4\libgcc.a(_mulshisi3.o)
                0x000061f8                __mulshisi3
                0x000061fe                __mulohisi3
 .text.libgcc.mul
                0x00006208       0x1e c:/program files (x86)/atmel/studio/7.0/toolchain/avr8/avr8-gnu-toolchain/bin/../lib/gcc/avr/5.4.0/avrxmega4\libgcc.a(_umulhisi3.o)
                0x00006208                __umulhisi3
                0x00006226                . = ALIGN (0x2)
 *(.fini9)
 .fini9         0x00006226        0x0 c:/program files (x86)/atmel/studio/7.0/toolchain/avr8/avr8-gnu-toolchain/bin/../lib/gcc/avr/5.4.0/avrxmega4\libgcc.a(_exit.o)
                0x00006226                _exit
                0x00006226                exit
 *(.fini9)
 *(.fini8)
 *(.fini8)
 *(.fini7)
 *(.fini7)
 *(.fini6)
 *(.fini6)
 *(.fini5)
 *(.fini5)
 *(.fini4)
 *(.fini4)
 *(.fini3)
 *(.fini3)
 *(.fini2)
 *(.fini2)
 *(.fini1)
 *(.fini1)
 *(.fini0)
 .fini0         0x00006226        0x4 c:/program files (x86)/atmel/studio/7.0/toolchain/avr8/avr8-gnu-toolchain/bin/../lib/gcc/avr/5.4.0/avrxmega4\libgcc.a(_exit.o)
 *(.fini0)
                0x0000622a                _etext = .

.data           0x00802000      0x2d0 load address 0x0000622a
                0x00802000                PROVIDE (__data_start, .)
 *(.data)
 .data          0x00802000        0x4 c:/program files (x86)/atmel/studio/7.0/toolchain/avr8/avr8-gnu-toolchain/bin/../lib/gcc/avr/5.4.0/../../../../avr/lib/avrxmega4\libc.a(rand.o)
 *(.data*)
 .data.IO_enabled
                0x00802004        0x1 alarm.o
 .data.sounder_enabled
                0x00802005        0x1 alarm.o
 .data.enable_freq_lock
                0x00802006        0x1 alarm.o
                0x00802006                enable_freq_lock
 .data.gVPA_Adj_CE
                0x00802007       0x36 analog.o
                0x00802007                gVPA_Adj_CE
 .data.autotune_overvolt_handler
                0x0080203d        0x1 autotune.o
                0x0080203d                autotune_overvolt_handler
 .data.autotune_verify_handler
                0x0080203e        0x1 autotune.o
                0x0080203e                autotune_verify_handler
 .data.pInMsg   0x0080203f        0x2 dms_interface.o
                0x0080203f                pInMsg
 .data.pOutMsg  0x00802041        0x2 dms_interface.o
                0x00802041                pOutMsg
 .data.mode6_lockout_handler
                0x00802043        0x1 interface.o
 .data.mode4_lockout_handler
                0x00802044        0x1 interface.o
 .data.mode4_timer_handler
                0x00802045        0x1 interface.o
 .data.pwm_duty_value
                0x00802046        0x2 interface.o
                0x00802046                pwm_duty_value
 .data.FreqCount_SRRC
                0x00802048       0x20 interface.o
 .data.FreqCount85_98
                0x00802068       0x20 interface.o
 .data.FreqCount77_88
                0x00802088       0x20 interface.o
 .data.FreqCount75_86
                0x008020a8       0x20 interface.o
 .data.FreqCount78_98
                0x008020c8       0x20 interface.o
 .data.FreqCount78_94
                0x008020e8       0x20 interface.o
 .data.FreqCount74_88
                0x00802108       0x20 interface.o
 .data.FreqCount74_90
                0x00802128       0x20 interface.o
 .data.FreqCount76_87
                0x00802148       0x20 interface.o
 .data.FreqTable_SRRC
                0x00802168       0x20 interface.o
 .data.FreqTable85_98
                0x00802188       0x20 interface.o
 .data.FreqTable77_88
                0x008021a8       0x20 interface.o
 .data.FreqTable75_86
                0x008021c8       0x20 interface.o
 .data.FreqTable78_98
                0x008021e8       0x20 interface.o
 .data.FreqTable78_94
                0x00802208       0x20 interface.o
 .data.FreqTable74_88
                0x00802228       0x20 interface.o
 .data.FreqTable74_90
                0x00802248       0x20 interface.o
 .data.FreqTable76_87
                0x00802268       0x20 interface.o
 .data.resetHandle_slot
                0x00802288        0x1 Hafnon.o
 .data.send_alarm_ping_handler
                0x00802289        0x1 Hafnon.o
                0x00802289                send_alarm_ping_handler
 .data.status_inhibit_handler
                0x0080228a        0x1 Hafnon.o
                0x0080228a                status_inhibit_handler
 .data.send_ping_handler
                0x0080228b        0x1 Hafnon.o
                0x0080228b                send_ping_handler
 .data.CPiD_HW_flag
                0x0080228c        0x1 Hafnon.o
                0x0080228c                CPiD_HW_flag
 .data.toggle_flag.5333
                0x0080228d        0x1 timers.o
 .data.interlock_timer_div
                0x0080228e        0x1 timers.o
 .data.frame_timer_div
                0x0080228f        0x1 timers.o
 .data.default_config_handler
                0x00802290        0x1 zircon_config.o
                0x00802290                default_config_handler
 .data.default_config_flag
                0x00802291        0x1 zircon_config.o
                0x00802291                default_config_flag
 *(.rodata)
 .rodata        0x00802292       0x10 analog.o
 .rodata        0x008022a2        0x9 Hafnon.o
 *(.rodata*)
 .rodata.FrequencyCounPtr
                0x008022ab       0x12 interface.o
 .rodata.FreqTablePtr
                0x008022bd       0x12 interface.o
 *(.gnu.linkonce.d*)
                0x008022d0                . = ALIGN (0x2)
 *fill*         0x008022cf        0x1 
                0x008022d0                _edata = .
                0x008022d0                PROVIDE (__data_end, .)

.bss            0x008022d0      0x3ed
                0x008022d0                PROVIDE (__bss_start, .)
 *(.bss)
 *(.bss*)
 .bss.flag.5355
                0x008022d0        0x1 alarm.o
 .bss.flag.5351
                0x008022d1        0x1 alarm.o
 .bss.loop_alarm
                0x008022d2        0x1 alarm.o
 .bss.interlock_state
                0x008022d3        0x1 alarm.o
 .bss.current_mode
                0x008022d4        0x1 alarm.o
 .bss.defaultBlinkingHandle
                0x008022d5        0x1 alarm.o
 .bss.blinkingHandle_solt
                0x008022d6        0x1 alarm.o
 .bss.alarmHandle_solt
                0x008022d7        0x1 alarm.o
                0x008022d7                alarmHandle_solt
 .bss.meas_array_index.5386
                0x008022d8        0x1 autotune.o
 .bss.autotune_settle_counter.5385
                0x008022d9        0x1 autotune.o
 .bss.manual_current
                0x008022da        0x2 autotune.o
 .bss.higher_peak
                0x008022dc        0xa autotune.o
 .bss.autotune_dmsOV_flag
                0x008022e6        0x1 autotune.o
 .bss.autotune_overvolt_flag
                0x008022e7        0x1 autotune.o
 .bss.autotune_dms_flag
                0x008022e8        0x1 autotune.o
 .bss.autotune_flag
                0x008022e9        0x1 autotune.o
 .bss.autotune_meas_array
                0x008022ea       0x14 autotune.o
 .bss.autotune_overvoltmeas_flag
                0x008022fe        0x1 autotune.o
                0x008022fe                autotune_overvoltmeas_flag
 .bss.autotune_verify_started
                0x008022ff        0x1 autotune.o
                0x008022ff                autotune_verify_started
 .bss.autotune_verify_flag
                0x00802300        0x1 autotune.o
                0x00802300                autotune_verify_flag
 .bss.autotune_timing_flag
                0x00802301        0x1 autotune.o
                0x00802301                autotune_timing_flag
 .bss.bHasTable
                0x00802302        0x1 crc.o
 .bss.crcTable  0x00802303      0x200 crc.o
 .bss.alarmAccumulatedTime
                0x00802503        0x4 dms_interface.o
                0x00802503                alarmAccumulatedTime
 .bss.alarmRefreshCount
                0x00802507        0x2 dms_interface.o
                0x00802507                alarmRefreshCount
 .bss.alarmCountNCR
                0x00802509        0x2 dms_interface.o
                0x00802509                alarmCountNCR
 .bss.alarmCount
                0x0080250b        0x2 dms_interface.o
                0x0080250b                alarmCount
 .bss.globalSequence
                0x0080250d        0x1 dms_interface.o
                0x0080250d                globalSequence
 .bss.alarm_ping_time
                0x0080250e        0x1 dms_interface.o
                0x0080250e                alarm_ping_time
 .bss.prev_difference
                0x0080250f        0x2 freq_cntr.o
                0x0080250f                prev_difference
 .bss.ic_result
                0x00802511        0x2 freq_cntr.o
                0x00802511                ic_result
 .bss.TimerExpired
                0x00802513       0x40 GTimer.o
 .bss.TimerState
                0x00802553       0x10 GTimer.o
 .bss.TimerCnt  0x00802563       0x40 GTimer.o
 .bss.TimerCB   0x008025a3       0x20 GTimer.o
 .bss.mode4_lockout
                0x008025c3        0x1 interface.o
 .bss.VPA_value
                0x008025c4        0x1 interface.o
                0x008025c4                VPA_value
 .bss.intertag_counter
                0x008025c5        0x1 interface.o
                0x008025c5                intertag_counter
 .bss.ModeParaStruct
                0x008025c6       0x18 interface.o
                0x008025c6                ModeParaStruct
 .bss.temp1.5455
                0x008025de        0x2 Hafnon.o
 .bss.temp.5454
                0x008025e0        0x2 Hafnon.o
 .bss.bitmappedPayloadAlarm.5453
                0x008025e2        0x2 Hafnon.o
 .bss.bitmappedPayload.5452
                0x008025e4        0x2 Hafnon.o
 .bss.sec_tag_counter.5435
                0x008025e6        0x1 Hafnon.o
 .bss.sec_last_alarm_count.5433
                0x008025e7        0x4 Hafnon.o
 .bss.pri_last_alarm_count.5432
                0x008025eb        0x4 Hafnon.o
 .bss.pri_tag_counter.5434
                0x008025ef        0x1 Hafnon.o
 .bss.last_alarm_count.5431
                0x008025f0        0x4 Hafnon.o
 .bss.freq_counter_enabled
                0x008025f4        0x1 Hafnon.o
                0x008025f4                freq_counter_enabled
 .bss.reset_led_on
                0x008025f5        0x1 Hafnon.o
                0x008025f5                reset_led_on
 .bss.previorResetValue
                0x008025f6        0x1 Hafnon.o
 .bss.tags_before_alarm
                0x008025f7        0x1 Hafnon.o
                0x008025f7                tags_before_alarm
 .bss.secondary_tag_counter_without_tag
                0x008025f8        0x1 Hafnon.o
                0x008025f8                secondary_tag_counter_without_tag
 .bss.primary_tag_counter_without_tag
                0x008025f9        0x1 Hafnon.o
                0x008025f9                primary_tag_counter_without_tag
 .bss.flag_enable_hard_tag_indicator
                0x008025fa        0x1 Hafnon.o
                0x008025fa                flag_enable_hard_tag_indicator
 .bss.flag_config_enable_alarm
                0x008025fb        0x1 Hafnon.o
                0x008025fb                flag_config_enable_alarm
 .bss.flag_send_end_alarm
                0x008025fc        0x1 Hafnon.o
                0x008025fc                flag_send_end_alarm
 .bss.flag_status_inhibit_handler
                0x008025fd        0x1 Hafnon.o
                0x008025fd                flag_status_inhibit_handler
 .bss.flag_send_alarm_ping_handler
                0x008025fe        0x1 Hafnon.o
                0x008025fe                flag_send_alarm_ping_handler
 .bss.start_intlk_timer
                0x008025ff        0x1 Hafnon.o
                0x008025ff                start_intlk_timer
 .bss.bAborted  0x00802600        0x1 Hafnon.o
                0x00802600                bAborted
 .bss.GPI_mode_change
                0x00802601        0x1 timers.o
                0x00802601                GPI_mode_change
 .bss.TxRx_cycle_enable
                0x00802602        0x1 timers.o
                0x00802602                TxRx_cycle_enable
 .bss.sec_frame_counter_flag
                0x00802603        0x4 timers.o
                0x00802603                sec_frame_counter_flag
 .bss.pri_frame_counter_flag
                0x00802607        0x4 timers.o
                0x00802607                pri_frame_counter_flag
 .bss.frame_counter_flag
                0x0080260b        0x4 timers.o
                0x0080260b                frame_counter_flag
 .bss.secondary_ant_flag
                0x0080260f        0x1 timers.o
                0x0080260f                secondary_ant_flag
 .bss.primary_ant_flag
                0x00802610        0x1 timers.o
                0x00802610                primary_ant_flag
 .bss.frame_counter
                0x00802611        0x1 timers.o
                0x00802611                frame_counter
 .bss.config_parameters
                0x00802612       0x36 zircon_config.o
                0x00802612                config_parameters
 *(COMMON)
 COMMON         0x00802648       0x6d alarm.o
                0x00802648                frameRateChanged
                0x00802649                messageBufferIn
                0x0080267d                gDACIndexLoaded
                0x0080267e                gFrequencyTable
                0x00802680                pulseNumber
                0x00802681                messageBufferOut
 COMMON         0x008026b5        0x4 analog.o
                0x008026b5                gFrequencyCount
                0x008026b7                result
 COMMON         0x008026b9        0x1 autotune.o
                0x008026b9                gAutoState
 COMMON         0x008026ba        0x2 dms_interface.o
                0x008026ba                iLen
 COMMON         0x008026bc        0x1 Hafnon.o
                0x008026bc                gState
                0x008026bd                PROVIDE (__bss_end, .)
                0x0000622a                __data_load_start = LOADADDR (.data)
                0x000064fa                __data_load_end = (__data_load_start + SIZEOF (.data))

.noinit         0x008026bd        0x0
                [!provide]                PROVIDE (__noinit_start, .)
 *(.noinit*)
                [!provide]                PROVIDE (__noinit_end, .)
                0x008026bd                _end = .
                [!provide]                PROVIDE (__heap_start, .)

.eeprom         0x00810000        0x0
 *(.eeprom*)
                0x00810000                __eeprom_end = .

.fuse
 *(.fuse)
 *(.lfuse)
 *(.hfuse)
 *(.efuse)

.lock
 *(.lock*)

.signature
 *(.signature*)

.user_signatures
 *(.user_signatures*)

.stab
 *(.stab)

.stabstr
 *(.stabstr)

.stab.excl
 *(.stab.excl)

.stab.exclstr
 *(.stab.exclstr)

.stab.index
 *(.stab.index)

.stab.indexstr
 *(.stab.indexstr)

.comment        0x00000000       0x30
 *(.comment)
 .comment       0x00000000       0x30 alarm.o
                                 0x31 (size before relaxing)
 .comment       0x00000030       0x31 analog.o
 .comment       0x00000030       0x31 autotune.o
 .comment       0x00000030       0x31 crc.o
 .comment       0x00000030       0x31 dms_interface.o
 .comment       0x00000030       0x31 freq_cntr.o
 .comment       0x00000030       0x31 GTimer.o
 .comment       0x00000030       0x31 interface.o
 .comment       0x00000030       0x31 Hafnon.o
 .comment       0x00000030       0x31 lowlevel.o
 .comment       0x00000030       0x31 nvm_eeprom.o
 .comment       0x00000030       0x31 rs232.o
 .comment       0x00000030       0x31 timers.o
 .comment       0x00000030       0x31 utility/util.o
 .comment       0x00000030       0x31 zircon_config.o
 .comment       0x00000030       0x31 c:/program files (x86)/atmel/studio/7.0/toolchain/avr8/avr8-gnu-toolchain/bin/../lib/gcc/avr/5.4.0/../../../../avr/lib/avrxmega4\libc.a(rand.o)

.note.gnu.avr.deviceinfo
                0x00000000       0x40
 .note.gnu.avr.deviceinfo
                0x00000000       0x40 C:/Program Files (x86)/Atmel/Studio/7.0/Packs/atmel/XMEGAA_DFP/1.1.68/gcc/dev/atxmega64a3u/avrxmega4/crtatxmega64a3u.o

.note.gnu.build-id
 *(.note.gnu.build-id)

.debug
 *(.debug)

.line
 *(.line)

.debug_srcinfo
 *(.debug_srcinfo)

.debug_sfnames
 *(.debug_sfnames)

.debug_aranges  0x00000000       0x20
 *(.debug_aranges)
 .debug_aranges
                0x00000000       0x20 utility/util_asm.o

.debug_pubnames
 *(.debug_pubnames)

.debug_info     0x00000000     0x3468
 *(.debug_info .gnu.linkonce.wi.*)
 .debug_info    0x00000000     0x3409 C:/Program Files (x86)/Atmel/Studio/7.0/Packs/atmel/XMEGAA_DFP/1.1.68/gcc/dev/atxmega64a3u/avrxmega4/crtatxmega64a3u.o
 .debug_info    0x00003409       0x5f utility/util_asm.o

.debug_abbrev   0x00000000     0x315c
 *(.debug_abbrev)
 .debug_abbrev  0x00000000     0x3148 C:/Program Files (x86)/Atmel/Studio/7.0/Packs/atmel/XMEGAA_DFP/1.1.68/gcc/dev/atxmega64a3u/avrxmega4/crtatxmega64a3u.o
 .debug_abbrev  0x00003148       0x14 utility/util_asm.o

.debug_line     0x00000000      0x3f8
 *(.debug_line .debug_line.* .debug_line_end)
 .debug_line    0x00000000      0x391 C:/Program Files (x86)/Atmel/Studio/7.0/Packs/atmel/XMEGAA_DFP/1.1.68/gcc/dev/atxmega64a3u/avrxmega4/crtatxmega64a3u.o
 .debug_line    0x00000391       0x67 utility/util_asm.o

.debug_frame
 *(.debug_frame)

.debug_str      0x00000000     0x223b
 *(.debug_str)
 .debug_str     0x00000000     0x223b C:/Program Files (x86)/Atmel/Studio/7.0/Packs/atmel/XMEGAA_DFP/1.1.68/gcc/dev/atxmega64a3u/avrxmega4/crtatxmega64a3u.o

.debug_loc
 *(.debug_loc)

.debug_macinfo
 *(.debug_macinfo)

.debug_weaknames
 *(.debug_weaknames)

.debug_funcnames
 *(.debug_funcnames)

.debug_typenames
 *(.debug_typenames)

.debug_varnames
 *(.debug_varnames)

.debug_pubtypes
 *(.debug_pubtypes)

.debug_ranges
 *(.debug_ranges)

.debug_macro
 *(.debug_macro)
OUTPUT(Hafnon.elf elf32-avr)
LOAD linker stubs
